﻿[36mvite v8.0.8 [32mbuilding client environment for production...[36m[39m
[2K
node.exe : [31mΓ£ù[39m Build failed in 2.21s
At line:1 char:1
+ & "C:\Program Files\nodejs/node.exe" "C:\Program Files\nodejs/node_mo ...
+ ~~~~~~~~~~~~~~~~~~~~~~~~~~~~~~~~~~~~~~~~~~~~~~~~~~~~~~~~~~~~~~~~~~~~~
    + CategoryInfo          : NotSpecified: ([31mΓ£ù[39m Build failed in 2.21s:String) [], RemoteException
    + FullyQualifiedErrorId : NativeCommandError
 
transforming...
PWA v1.2.0
mode      generateSW
precache  12 entries (2049.64 KiB)
files generated
  dist/sw.js
  dist/workbox-1d305bb8.js
[31merror during build:
[31mBuild failed with 1 error:

[plugin vite-plugin-pwa:build]
Error: Build failed with 1 error:

[plugin vite:css] C:/Users/Pc/Desktop/App/src/index.css:3:0
CssSyntaxError: [postcss] C:/Users/Pc/Desktop/App/src/index.css:3:1: The `selection:bg-primary/30` class does not 
exist. If `selection:bg-primary/30` is a custom class, make sure it is defined within a `@layer` directive.
    at Input.error (C:\Users\Pc\Desktop\App\node_modules\postcss\lib\input.js:135:16)
    at AtRule.error (C:\Users\Pc\Desktop\App\node_modules\postcss\lib\node.js:146:32)
    at processApply (C:\Users\Pc\Desktop\App\node_modules\tailwindcss\lib\lib\expandApplyAtRules.js:380:29)
    at C:\Users\Pc\Desktop\App\node_modules\tailwindcss\lib\lib\expandApplyAtRules.js:551:9
    at C:\Users\Pc\Desktop\App\node_modules\tailwindcss\lib\processTailwindFeatures.js:55:50
    at async plugins (C:\Users\Pc\Desktop\App\node_modules\tailwindcss\lib\plugin.js:38:17)
    at async LazyResult.runAsync (C:\Users\Pc\Desktop\App\node_modules\postcss\lib\lazy-result.js:293:11)
    at async runPostCSS (file:///C:/Users/Pc/Desktop/App/node_modules/vite/dist/node/chunks/node.js:21003:19)
    at async compilePostCSS (file:///C:/Users/Pc/Desktop/App/node_modules/vite/dist/node/chunks/node.js:20987:6)
    at async compileCSS (file:///C:/Users/Pc/Desktop/App/node_modules/vite/dist/node/chunks/node.js:20917:26)
    at aggregateBindingErrorsIntoJsError 
(file:///C:/Users/Pc/Desktop/App/node_modules/rolldown/dist/shared/error-w0u7biK-.mjs:48:18)
    at plugin 
(file:///C:/Users/Pc/Desktop/App/node_modules/rolldown/dist/shared/bindingify-input-options-DYpBf1OG.mjs:1067:61)
    at plugin.<computed> 
(file:///C:/Users/Pc/Desktop/App/node_modules/rolldown/dist/shared/bindingify-input-options-DYpBf1OG.mjs:1636:18)[31m
    at aggregateBindingErrorsIntoJsError 
(file:///C:/Users/Pc/Desktop/App/node_modules/rolldown/dist/shared/error-w0u7biK-.mjs:48:18)
    at unwrapBindingResult 
(file:///C:/Users/Pc/Desktop/App/node_modules/rolldown/dist/shared/error-w0u7biK-.mjs:18:128)
    at #build (file:///C:/Users/Pc/Desktop/App/node_modules/rolldown/dist/shared/rolldown-build-DtGk-m96.mjs:3313:34)
    at async buildEnvironment (file:///C:/Users/Pc/Desktop/App/node_modules/vite/dist/node/chunks/node.js:32954:64)
    at async Object.build (file:///C:/Users/Pc/Desktop/App/node_modules/vite/dist/node/chunks/node.js:33376:19)
    at async Object.buildApp (file:///C:/Users/Pc/Desktop/App/node_modules/vite/dist/node/chunks/node.js:33373:153)
    at async CAC.<anonymous> (file:///C:/Users/Pc/Desktop/App/node_modules/vite/dist/node/cli.js:778:3) {
  errors: [Getter/Setter]
}[39m
